
Memory Configuration

Name             Origin             Length             Attributes
RAM              0x0000000020000000 0x0000000000010000 xrw
ROM              0x0000000008000000 0x0000000000080000 xr
*default*        0x0000000000000000 0xffffffffffffffff

Linker script and memory map

LOAD main.o
LOAD led.o
LOAD stm32_startup.o
                0x0000000000000400                __max_heap_size = 0x400
                0x0000000000000200                __max_stack_size = 0x200

.text           0x0000000008000000      0x2fc
 *(.isr_vector)
 .isr_vector    0x0000000008000000      0x178 stm32_startup.o
                0x0000000008000000                vectors
 *(.text)
 .text          0x0000000008000178       0x44 main.o
                0x0000000008000178                main
                0x0000000008000192                delay
 .text          0x00000000080001bc       0xbc led.o
                0x00000000080001bc                LED_Init
                0x0000000008000228                LED_Deinit
                0x0000000008000234                LED_On
                0x0000000008000258                LED_Off
 .text          0x0000000008000278       0x84 stm32_startup.o
                0x0000000008000278                RTC_Alarm_IRQHandler
                0x0000000008000278                TIM8_TRG_COM_IRQHandler
                0x0000000008000278                TIM8_CC_IRQHandler
                0x0000000008000278                SVCall_Handler
                0x0000000008000278                SPI4_IRQHandler
                0x0000000008000278                TIM1_CC_IRQHandler
                0x0000000008000278                HardFault_Handler
                0x0000000008000278                USB_HP_IRQHandler
                0x0000000008000278                I2C2_EV_EXTI24_IRQHandler
                0x0000000008000278                SysTick_Handler
                0x0000000008000278                PVD_IRQHandler
                0x0000000008000278                PendSV_Handler
                0x0000000008000278                NMI_Handler
                0x0000000008000278                EXTI3_IRQHandler
                0x0000000008000278                I2C3_ER_IRQHandler
                0x0000000008000278                USB_Wake_UP_IRQHandler
                0x0000000008000278                USB_HP_CAN_TX_IRQHandler
                0x0000000008000278                EXTI0_IRQHandler
                0x0000000008000278                FPU_IRQHandler
                0x0000000008000278                EXTI2_TS_IRQHandler
                0x0000000008000278                TIM1_UP_TIM16_IRQHandler
                0x0000000008000278                UsageFault_Handler
                0x0000000008000278                ADC1_2_IRQHandler
                0x0000000008000278                SPI1_IRQHandler
                0x0000000008000278                CAN_SCE_IRQHandler
                0x0000000008000278                TIM6_DAC_IRQHandler
                0x0000000008000278                TIM8_UP_IRQHandler
                0x0000000008000278                COMP456_IRQHandler
                0x0000000008000278                DMA2_Channel2_IRQHandler
                0x0000000008000278                DMA1_Channel4_IRQHandler
                0x0000000008000278                TIM20_TRG_COM_IRQHandler
                0x0000000008000278                USART3_IRQHandler
                0x0000000008000278                DMA1_Channel7_IRQHandler
                0x0000000008000278                UART5_IRQHandler
                0x0000000008000278                ADC3_IRQHandler
                0x0000000008000278                TIM4_IRQHandler
                0x0000000008000278                CAN_RX1_IRQHandler
                0x0000000008000278                DMA2_Channel1_IRQHandler
                0x0000000008000278                I2C1_EV_EXTI23_IRQHandler
                0x0000000008000278                DMA1_Channel6_IRQHandler
                0x0000000008000278                UART4_IRQHandler
                0x0000000008000278                DMA2_Channel4_IRQHandler
                0x0000000008000278                TIM3_IRQHandler
                0x0000000008000278                RCC_IRQHandler
                0x0000000008000278                TIM20_UP_IRQHandler
                0x0000000008000278                DMA1_Channel1_IRQHandler
                0x0000000008000278                Default_Handler
                0x0000000008000278                EXTI15_10_IRQHandler
                0x0000000008000278                TIM7_IRQHandler
                0x0000000008000278                I2C3_EV_IRQHandler
                0x0000000008000278                EXTI9_5_IRQHandler
                0x0000000008000278                TAMPER_STAMP_IRQHandler
                0x0000000008000278                RTC_WKUP_IRQHandler
                0x0000000008000278                SPI2_IRQHandler
                0x0000000008000278                USB_LP_CAN_RX0_IRQHandler
                0x0000000008000278                MemManage_Handler
                0x0000000008000278                COMP123_IRQHandler
                0x0000000008000278                DMA2_Channel5_IRQHandler
                0x0000000008000278                DMA1_Channel5_IRQHandler
                0x0000000008000278                USB_LP_IRQHandler
                0x0000000008000278                EXTI4_IRQHandler
                0x0000000008000278                TIM1_TRG_COM_TIM17_IRQHandler
                0x0000000008000278                DMA1_Channel3_IRQHandler
                0x0000000008000278                ADC4_IRQHandler
                0x0000000008000278                WWDG_IRQHandler
                0x0000000008000278                TIM2_IRQHandler
                0x0000000008000278                COMP7_IRQHandler
                0x0000000008000278                EXTI1_IRQHandler
                0x0000000008000278                USART2_IRQHandler
                0x0000000008000278                TIM20_BRK_IRQHandler
                0x0000000008000278                I2C2_ER_IRQHandler
                0x0000000008000278                DMA1_Channel2_IRQHandler
                0x0000000008000278                TIM8_BRK_IRQHandler
                0x0000000008000278                FLASH_IRQHandler
                0x0000000008000278                USB_WakeUp_RMP_IRQHandler
                0x0000000008000278                TIM20_CC_IRQHandler
                0x0000000008000278                BusFault_Handler
                0x0000000008000278                USART1_IRQHandler
                0x0000000008000278                SPI3_IRQHandler
                0x0000000008000278                I2C1_ER_IRQHandler
                0x0000000008000278                FMC_IRQHandler
                0x0000000008000278                DMA2_Channel3_IRQHandler
                0x0000000008000278                TIM1_BRK_TIM15_IRQHandler
                0x000000000800027e                Reset_Handler
 *(.rodata)
                0x00000000080002fc                . = ALIGN (0x4)
                0x00000000080002fc                _etext = .

.glue_7         0x00000000080002fc        0x0
 .glue_7        0x00000000080002fc        0x0 linker stubs

.glue_7t        0x00000000080002fc        0x0
 .glue_7t       0x00000000080002fc        0x0 linker stubs

.vfp11_veneer   0x00000000080002fc        0x0
 .vfp11_veneer  0x00000000080002fc        0x0 linker stubs

.v4_bx          0x00000000080002fc        0x0
 .v4_bx         0x00000000080002fc        0x0 linker stubs

.iplt           0x00000000080002fc        0x0
 .iplt          0x00000000080002fc        0x0 main.o

.rel.dyn        0x00000000080002fc        0x0
 .rel.iplt      0x00000000080002fc        0x0 main.o

.data           0x0000000020000000        0x0 load address 0x00000000080002fc
                0x0000000020000000                _sdata = .
 *(.data)
 .data          0x0000000020000000        0x0 main.o
 .data          0x0000000020000000        0x0 led.o
 .data          0x0000000020000000        0x0 stm32_startup.o
                0x0000000020000000                . = ALIGN (0x4)
                0x0000000020000000                _edata = .

.igot.plt       0x0000000020000000        0x0 load address 0x00000000080002fc
 .igot.plt      0x0000000020000000        0x0 main.o

.bss            0x0000000020000000        0x0 load address 0x00000000080002fc
                0x0000000020000000                _sbss = .
 *(.bss)
 .bss           0x0000000020000000        0x0 main.o
 .bss           0x0000000020000000        0x0 led.o
 .bss           0x0000000020000000        0x0 stm32_startup.o
                0x0000000020000000                . = ALIGN (0x4)
                0x0000000020000000                _ebss = .
OUTPUT(final.elf elf32-littlearm)
LOAD linker stubs

.comment        0x0000000000000000       0x4c
 .comment       0x0000000000000000       0x4c main.o
                                         0x4d (size before relaxing)
 .comment       0x000000000000004c       0x4d led.o
 .comment       0x000000000000004c       0x4d stm32_startup.o

.ARM.attributes
                0x0000000000000000       0x2e
 .ARM.attributes
                0x0000000000000000       0x2e main.o
 .ARM.attributes
                0x000000000000002e       0x2e led.o
 .ARM.attributes
                0x000000000000005c       0x2e stm32_startup.o
